# --------------------------------------------------- // System
# downgrade                                            # downgrade packages
# trash-cli-git                                        # cli to manage trash files
# libinput-gestures                                    # actions touchpad gestures using libinput
# gestures                                             # gui for libinput-gestures
swayidle                                               # locking and sleeping computer
sway-audio-idle-inhibit-git # actions                  # prevent locking or sleeping computer when audio is playing
flameshot                                              # screenshot maker
tesseract                                              # ocr maker
tesseract-data-eng                                     # ocr language english
                      

# --------------------------------------------------- // Dependencies
xdg-desktop-portal-gtk                                 # xdg desktop portal using gtk
# emote                                                # emoji picker gtk3

# Emoji selector and wtype also for glyph selector
wtype
noto-fonts-emoji
# Rofi Calculator
libqalculate
# Hyprland plugins
cpio                                                   # dependency for hyprpm
hyprwayland-scanner                                    # dependency for hyprpm

# --------------------------------------------------- // Gaming
steam                                                  # gaming platform
gamemode                                               # daemon and library for game optimisations
mangohud                                               # system performance overlay
# gamescope                                            # micro-compositor for gaming

# --------------------------------------------------- // Music
#cava                                                   # audio visualizer
#spotify                                                # proprietary music streaming service
#spicetify-cli                                          # cli to customize spotify client

# --------------------------------------------------- // Apps
neovim                                                 # vim based text editor

# --------------------------------------------------- // Communication
kdeconnect                                             # phone connecting service
signal-desktop                                         # signal for desktop
element-desktop                                        # element for desktop

